Fitter Status : Successful - Tue Nov 28 16:11:10 2023
Quartus II 64-Bit Version : 13.0.1 Build 232 06/12/2013 SP 1 SJ Full Version
Revision Name : system
Top-level Entity Name : system
Family : Cyclone IV E
Device : EP4CE115F29C8
Timing Models : Final
Total logic elements : 18,730 / 114,480 ( 16 % )
    Total combinational functions : 15,986 / 114,480 ( 14 % )
    Dedicated logic registers : 8,112 / 114,480 ( 7 % )
Total registers : 8112
Total pins : 102 / 529 ( 19 % )
Total virtual pins : 0
Total memory bits : 524,288 / 3,981,312 ( 13 % )
Embedded Multiplier 9-bit elements : 0 / 532 ( 0 % )
Total PLLs : 0 / 4 ( 0 % )
Analysis & Synthesis Status : Successful - Tue Nov 28 15:51:56 2023
Quartus II 64-Bit Version : 13.0.1 Build 232 06/12/2013 SP 1 SJ Full Version
Revision Name : system
Top-level Entity Name : system
Family : Cyclone IV E
Total logic elements : 22,454
    Total combinational functions : 15,954
    Dedicated logic registers : 8,112
Total registers : 8112
Total pins : 102
Total virtual pins : 0
Total memory bits : 524,288
Embedded Multiplier 9-bit elements : 0
Total PLLs : 0
------------------------------------------------------------
TimeQuest Timing Analyzer Summary
------------------------------------------------------------

Type  : Slow 1200mV 85C Model Setup 'CLK'
Slack : -33.387
TNS   : -6790.487

Type  : Slow 1200mV 85C Model Setup 'CPUCLK'
Slack : -25.118
TNS   : -116601.206

Type  : Slow 1200mV 85C Model Setup 'altera_reserved_tck'
Slack : 43.845
TNS   : 0.000

Type  : Slow 1200mV 85C Model Hold 'CLK'
Slack : 0.422
TNS   : 0.000

Type  : Slow 1200mV 85C Model Hold 'CPUCLK'
Slack : 0.442
TNS   : 0.000

Type  : Slow 1200mV 85C Model Hold 'altera_reserved_tck'
Slack : 0.445
TNS   : 0.000

Type  : Slow 1200mV 85C Model Recovery 'altera_reserved_tck'
Slack : 48.097
TNS   : 0.000

Type  : Slow 1200mV 85C Model Removal 'altera_reserved_tck'
Slack : 1.589
TNS   : 0.000

Type  : Slow 1200mV 85C Model Minimum Pulse Width 'CLK'
Slack : 4.699
TNS   : 0.000

Type  : Slow 1200mV 85C Model Minimum Pulse Width 'CPUCLK'
Slack : 9.686
TNS   : 0.000

Type  : Slow 1200mV 85C Model Minimum Pulse Width 'altera_reserved_tck'
Slack : 49.491
TNS   : 0.000

Type  : Slow 1200mV 0C Model Setup 'CLK'
Slack : -30.973
TNS   : -6299.104

Type  : Slow 1200mV 0C Model Setup 'CPUCLK'
Slack : -22.818
TNS   : -104478.818

Type  : Slow 1200mV 0C Model Setup 'altera_reserved_tck'
Slack : 44.232
TNS   : 0.000

Type  : Slow 1200mV 0C Model Hold 'CLK'
Slack : 0.373
TNS   : 0.000

Type  : Slow 1200mV 0C Model Hold 'CPUCLK'
Slack : 0.391
TNS   : 0.000

Type  : Slow 1200mV 0C Model Hold 'altera_reserved_tck'
Slack : 0.394
TNS   : 0.000

Type  : Slow 1200mV 0C Model Recovery 'altera_reserved_tck'
Slack : 48.384
TNS   : 0.000

Type  : Slow 1200mV 0C Model Removal 'altera_reserved_tck'
Slack : 1.428
TNS   : 0.000

Type  : Slow 1200mV 0C Model Minimum Pulse Width 'CLK'
Slack : 4.680
TNS   : 0.000

Type  : Slow 1200mV 0C Model Minimum Pulse Width 'CPUCLK'
Slack : 9.653
TNS   : 0.000

Type  : Slow 1200mV 0C Model Minimum Pulse Width 'altera_reserved_tck'
Slack : 49.343
TNS   : 0.000

Type  : Fast 1200mV 0C Model Setup 'CLK'
Slack : -10.015
TNS   : -1897.260

Type  : Fast 1200mV 0C Model Setup 'CPUCLK'
Slack : -0.734
TNS   : -58.650

Type  : Fast 1200mV 0C Model Setup 'altera_reserved_tck'
Slack : 47.486
TNS   : 0.000

Type  : Fast 1200mV 0C Model Hold 'CLK'
Slack : 0.173
TNS   : 0.000

Type  : Fast 1200mV 0C Model Hold 'CPUCLK'
Slack : 0.181
TNS   : 0.000

Type  : Fast 1200mV 0C Model Hold 'altera_reserved_tck'
Slack : 0.183
TNS   : 0.000

Type  : Fast 1200mV 0C Model Recovery 'altera_reserved_tck'
Slack : 49.348
TNS   : 0.000

Type  : Fast 1200mV 0C Model Removal 'altera_reserved_tck'
Slack : 0.670
TNS   : 0.000

Type  : Fast 1200mV 0C Model Minimum Pulse Width 'CLK'
Slack : 4.372
TNS   : 0.000

Type  : Fast 1200mV 0C Model Minimum Pulse Width 'CPUCLK'
Slack : 9.729
TNS   : 0.000

Type  : Fast 1200mV 0C Model Minimum Pulse Width 'altera_reserved_tck'
Slack : 49.455
TNS   : 0.000

------------------------------------------------------------
